[bi-GramFinance/index.html]
[backblue.gif]
[fade.gif]
[index.html]
[bi-GramFinance/1.jpg]
[bi-GramFinance/assets/img/favicon.png]
[bi-GramFinance/assets/css/fontawesome.min.css]
[bi-GramFinance/assets/css/line-awesome.min.css]
[bi-GramFinance/assets/css/business-icon.css]
[bi-GramFinance/assets/css/animate.min.css]
[bi-GramFinance/assets/css/bootstrap.min.css]
[bi-GramFinance/assets/css/slick.min.css]
[bi-GramFinance/assets/css/venobox.min.css]
[bi-GramFinance/assets/css/odometer.min.css]
[bi-GramFinance/assets/css/nice-select.css]
[bi-GramFinance/assets/css/splitting-cells.css]
[bi-GramFinance/assets/css/splitting.css]
[bi-GramFinance/assets/css/keyframe-animation.css]
[bi-GramFinance/assets/css/pricing-table.css]
[bi-GramFinance/assets/css/slider.css]
[bi-GramFinance/assets/css/header.css]
[bi-GramFinance/assets/css/footer.css]
[bi-GramFinance/assets/css/main.css]
[bi-GramFinance/assets/css/responsive.css]
[www.smartsuppchat.com/loaderd41d.js]
[bi-GramFinance/assets/js/vendor/modernizr-2.8.3-respond-1.4.2.min.js]
[bi-GramFinance/index-2.html]
[bi-GramFinance/signup.html]
[gtranslate.net/flags/blank.png]
[gtranslate.net/flags/16.png]
[gtranslate.net/flags/16a.png]
[translate.google.com/translate_a/element7876.js]
[bi-GramFinance/assets/img/page-header.jpg]
[bi-GramFinance/login.html]
[bi-GramFinance/assets/img/testimonial-1.jpg]
[bi-GramFinance/assets/img/testimonial-2.jpg]
[bi-GramFinance/assets/img/testimonial-3.jpg]
[bi-GramFinance/assets/img/testimonial-4.jpg]
[bi-GramFinance/assets/img/elements/busy-marketing.svg]
[bi-GramFinance/assets/img/elements/revenue.svg]
[bi-GramFinance/assets/img/elements/project-manager.svg]
[bi-GramFinance/assets/img/sponsor-1.png]
[bi-GramFinance/assets/img/sponsor-2.png]
[bi-GramFinance/assets/img/sponsor-3.png]
[bi-GramFinance/assets/img/sponsor-4.png]
[bi-GramFinance/assets/img/sponsor-5.png]
[bi-GramFinance/assets/img/sponsor-6.png]
[bi-GramFinance/terms.html]
[bi-GramFinance/assets/js/vendor/jquery-1.12.4.min.js]
[bi-GramFinance/assets/js/vendor/popper.min.js]
[bi-GramFinance/assets/js/vendor/bootstrap.min.js]
[bi-GramFinance/assets/js/vendor/waypoints.min.js]
[bi-GramFinance/assets/js/vendor/slick.min.js]
[bi-GramFinance/assets/js/vendor/jquery.ajaxchimp.min.js]
[bi-GramFinance/assets/js/vendor/odometer.min.js]
[bi-GramFinance/assets/js/vendor/jquery.isotope.v3.0.2.js]
[bi-GramFinance/assets/js/vendor/imagesloaded.pkgd.min.js]
[bi-GramFinance/assets/js/vendor/venobox.min.js]
[bi-GramFinance/assets/js/vendor/jquery.hoverdir.js]
[bi-GramFinance/assets/js/vendor/splitting.min.js]
[bi-GramFinance/assets/js/vendor/jquery.nice-select.min.js]
[bi-GramFinance/assets/js/vendor/wow.min.js]
[bi-GramFinance/index.html]
[bi-GramFinance/assets/js/main.js]
[bi-GramFinance/assets/fonts/fa-brands-400d41dd41dd41d.eot]
[bi-GramFinance/assets/fonts/fa-brands-400.woff2]
[bi-GramFinance/assets/fonts/fa-brands-400.eot]
[bi-GramFinance/assets/fonts/fa-brands-400.woff]
[bi-GramFinance/assets/fonts/fa-brands-400.ttf]
[bi-GramFinance/assets/fonts/fa-regular-400.eot]
[bi-GramFinance/assets/fonts/fa-brands-400.svg]
[bi-GramFinance/assets/fonts/fa-regular-400d41dd41dd41d.eot]
[bi-GramFinance/assets/fonts/fa-regular-400.woff2]
[bi-GramFinance/assets/fonts/fa-regular-400.woff]
[bi-GramFinance/assets/fonts/fa-regular-400.ttf]
[bi-GramFinance/assets/fonts/fa-regular-400.svg]
[bi-GramFinance/assets/fonts/fa-solid-900.eot]
[bi-GramFinance/assets/fonts/fa-solid-900d41dd41dd41d.eot]
[bi-GramFinance/assets/fonts/fa-solid-900.woff2]
[bi-GramFinance/assets/fonts/fa-solid-900.woff]
[bi-GramFinance/assets/css/fontawesome.min.css]
[bi-GramFinance/assets/fonts/fa-solid-900.ttf]
[bi-GramFinance/assets/fonts/la-brands-400d41dd41dd41d.eot]
[bi-GramFinance/assets/fonts/la-brands-400.eot]
[bi-GramFinance/assets/fonts/fa-solid-900.svg]
[bi-GramFinance/assets/fonts/la-brands-400.woff2]
[bi-GramFinance/assets/fonts/la-brands-400.woff]
[bi-GramFinance/assets/fonts/la-regular-400.eot]
[bi-GramFinance/assets/fonts/la-brands-400.ttf]
[bi-GramFinance/assets/fonts/la-brands-400.svg]
[bi-GramFinance/assets/fonts/la-regular-400d41dd41dd41d.eot]
[bi-GramFinance/assets/fonts/la-regular-400.woff2]
[bi-GramFinance/assets/fonts/la-regular-400.woff]
[bi-GramFinance/assets/fonts/la-regular-400.ttf]
[bi-GramFinance/assets/fonts/la-regular-400.svg]
[bi-GramFinance/assets/fonts/la-solid-900d41dd41dd41d.eot]
[bi-GramFinance/assets/fonts/la-solid-900.woff2]
[bi-GramFinance/assets/fonts/la-solid-900.woff]
[bi-GramFinance/assets/fonts/la-solid-900.eot]
[bi-GramFinance/assets/css/line-awesome.min.css]
[bi-GramFinance/assets/fonts/business-icon619f619f619f.eot]
[bi-GramFinance/assets/fonts/la-solid-900.ttf]
[bi-GramFinance/assets/fonts/business-icon619f619f619f.woff]
[bi-GramFinance/assets/fonts/la-solid-900.svg]
[bi-GramFinance/assets/css/business-icon.css]
[bi-GramFinance/assets/css/animate.min.css]
[bi-GramFinance/assets/css/bootstrap.min.css]
[bi-GramFinance/assets/css/slick.min.css]
[bi-GramFinance/assets/css/venobox.min.css]
[bi-GramFinance/assets/css/odometer.min.css]
[bi-GramFinance/assets/css/nice-select.css]
[bi-GramFinance/assets/css/splitting-cells.css]
[bi-GramFinance/assets/css/splitting.css]
[bi-GramFinance/assets/css/keyframe-animation.css]
[bi-GramFinance/assets/css/pricing-table.css]
[bi-GramFinance/assets/css/slider.css]
[bi-GramFinance/assets/fonts/business-icon619f619f619f.svg]
[bi-GramFinance/assets/img/cross.png]
[bi-GramFinance/assets/css/header.css]
[bi-GramFinance/assets/img/pattern-5.png]
[bi-GramFinance/assets/css/footer.css]
[bi-GramFinance/assets/fonts/sofia-pro/Sofia-Pro-Light.woff]
[bi-GramFinance/assets/fonts/business-icon619f619f619f.ttf]
[bi-GramFinance/assets/fonts/sofia-pro/Sofia-Pro-Light.woff2]
[bi-GramFinance/assets/fonts/sofia-pro/Sofia-Pro-Lightd41dd41dd41d.eot]
[bi-GramFinance/assets/fonts/sofia-pro/Sofia-Pro-Light.eot]
[bi-GramFinance/assets/fonts/sofia-pro/Sofia-Pro-Light.otf]
[bi-GramFinance/assets/fonts/sofia-pro/Sofia-Pro-Regular.woff]
[bi-GramFinance/assets/fonts/sofia-pro/Sofia-Pro-Regular.woff2]
[bi-GramFinance/assets/fonts/sofia-pro/Sofia-Pro-Regular.eot]
[bi-GramFinance/assets/fonts/sofia-pro/Sofia-Pro-Regular.otf]
[bi-GramFinance/assets/fonts/sofia-pro/Sofia-Pro-Medium.woff]
[bi-GramFinance/assets/fonts/sofia-pro/Sofia-Pro-Medium.woff2]
[bi-GramFinance/assets/fonts/sofia-pro/Sofia-Pro-Regulard41dd41dd41d.eot]
[bi-GramFinance/assets/fonts/sofia-pro/Sofia-Pro-Medium.eot]
[bi-GramFinance/assets/fonts/sofia-pro/Sofia-Pro-Mediumd41dd41dd41d.eot]
[bi-GramFinance/assets/fonts/sofia-pro/Sofia-Pro-Medium.otf]
[bi-GramFinance/assets/fonts/sofia-pro/Sofia-Pro-Semi-Bold.woff]
[bi-GramFinance/assets/fonts/sofia-pro/Sofia-Pro-Semi-Bold.woff2]
[bi-GramFinance/assets/fonts/sofia-pro/Sofia-Pro-Semi-Bold.eot]
[bi-GramFinance/assets/fonts/sofia-pro/Sofia-Pro-Semi-Boldd41dd41dd41d.eot]
[bi-GramFinance/assets/fonts/sofia-pro/Sofia-Pro-Semi-Bold.otf]
[bi-GramFinance/assets/fonts/sofia-pro/Sofia-Pro-Bold.woff]
[bi-GramFinance/assets/fonts/sofia-pro/Sofia-Pro-Bold.woff2]
[bi-GramFinance/assets/fonts/sofia-pro/Sofia-Pro-Bold.eot]
[bi-GramFinance/assets/fonts/sofia-pro/Sofia-Pro-Boldd41dd41dd41d.eot]
[bi-GramFinance/assets/fonts/sofia-pro/Sofia-Pro-Bold.otf]
[bi-GramFinance/assets/img/map-pattern.png]
[bi-GramFinance/assets/img/map-pattern-light.png]
[bi-GramFinance/assets/img/elements/cloud-computing.svg]
[bi-GramFinance/assets/img/bg-3.png]
[bi-GramFinance/assets/img/about-1.png]
[bi-GramFinance/assets/img/about-2.png]
[bi-GramFinance/assets/img/pattern-1.png]
[bi-GramFinance/assets/img/intro-thumb.jpg]
[bi-GramFinance/assets/img/about-3.png]
[bi-GramFinance/assets/img/about-4.png]
[bi-GramFinance/assets/img/about-5.png]
[bi-GramFinance/assets/img/cons-pattern-1.png]
[bi-GramFinance/assets/img/line-1.png]
[bi-GramFinance/assets/img/line-2.png]
[bi-GramFinance/assets/img/elements/testimonial.svg]
[bi-GramFinance/assets/img/skill-bg.jpg]
[bi-GramFinance/assets/img/people.png]
[bi-GramFinance/assets/img/cta-bg-1.jpg]
[bi-GramFinance/assets/img/counter-bg.jpg]
[bi-GramFinance/assets/img/about-6.png]
[bi-GramFinance/assets/img/about-7.png]
[bi-GramFinance/assets/img/about-8.png]
[bi-GramFinance/assets/img/elements/high-five-left.svg]
[bi-GramFinance/assets/css/main.css]
[bi-GramFinance/assets/css/responsive.css]
[bi-GramFinance/assets/img/elements/high-five-right.svg]
[bi-GramFinance/GET]
[bi-GramFinance/assets/js/vendor/modernizr-2.8.3-respond-1.4.2.min.js]
[bi-GramFinance/index-2.html]
[bi-GramFinance/images/favicon.png]
[bi-GramFinance/assets2/css/vendor.bundlef86e.css]
[bi-GramFinance/assets2/css/stylef86e.css]
[bi-GramFinance/index.php]
[bi-GramFinance/assets2/js/jquery.bundlef86e.js]
[bi-GramFinance/assets2/js/scriptsf86e.js]
[bi-GramFinance/signup.html]
[bi-GramFinance/assets2/js/charts.js]
[bi-GramFinance/login.html]
[bi-GramFinance/assets/img/elements/busy-marketing.svg]
[bi-GramFinance/assets/img/elements/revenue.svg]
[bi-GramFinance/assets/img/elements/project-manager.svg]
[bi-GramFinance/forgot-password.html]
[bi-GramFinance/user/login.html]
[bi-GramFinance/terms.html]
[bi-GramFinance/assets/js/vendor/jquery-1.12.4.min.js]
[bi-GramFinance/assets/js/vendor/popper.min.js]
[bi-GramFinance/popper.js]
[bi-GramFinance/assets/js/vendor/bootstrap.min.js]
[bi-GramFinance/assets/js/vendor/waypoints.min.js]
[bi-GramFinance/assets/js/vendor/slick.min.js]
[bi-GramFinance/assets/js/vendor/jquery.ajaxchimp.min.js]
[bi-GramFinance/assets/js/vendor/odometer.min.js]
[bi-GramFinance/assets/js/vendor/jquery.isotope.v3.0.2.js]
[bi-GramFinance/assets/js/vendor/imagesloaded.pkgd.min.js]
[bi-GramFinance/assets/js/vendor/venobox.min.js]
[bi-GramFinance/assets/js/vendor/jquery.hoverdir.js]
[bi-GramFinance/assets/js/vendor/splitting.min.js]
[bi-GramFinance/assets/js/vendor/jquery.nice-select.min.js]
[bi-GramFinance/assets/js/vendor/wow.min.js]
[bi-GramFinance/assets/js/main.js]
[bi-GramFinance/assets/fonts/fa-brands-400.svg]
[bi-GramFinance/assets/fonts/fa-regular-400.svg]
[bi-GramFinance/assets/fonts/fa-solid-900.svg]
[bi-GramFinance/assets/fonts/la-brands-400.svg]
[bi-GramFinance/assets/fonts/la-regular-400.svg]
[bi-GramFinance/assets/fonts/la-solid-900.svg]
[bi-GramFinance/assets/fonts/business-icon619f619f619f.svg]
[bi-GramFinance/assets/img/elements/cloud-computing.svg]
[bi-GramFinance/assets/img/elements/testimonial.svg]
[bi-GramFinance/assets/img/elements/high-five-left.svg]
[bi-GramFinance/assets/img/elements/high-five-right.svg]
[bi-GramFinance/GET.html]
[bi-GramFinance/images/favicon.html]
[bi-GramFinance/assets2/fonts/fa-brands-400.eot]
[bi-GramFinance/assets2/fonts/fa-brands-400.woff2]
[bi-GramFinance/assets2/fonts/fa-brands-400d41d.eot]
[bi-GramFinance/assets2/fonts/fa-brands-400.woff]
[bi-GramFinance/assets2/fonts/fa-brands-400.ttf]
[bi-GramFinance/assets2/fonts/fa-regular-400.eot]
[bi-GramFinance/assets2/fonts/fa-brands-400.svg]
[bi-GramFinance/assets2/fonts/fa-regular-400d41d.eot]
[bi-GramFinance/assets2/fonts/fa-regular-400.woff2]
[bi-GramFinance/assets2/fonts/fa-regular-400.woff]
[bi-GramFinance/assets2/fonts/fa-regular-400.ttf]
[bi-GramFinance/assets2/fonts/fa-regular-400.svg]
[bi-GramFinance/assets2/fonts/fa-solid-900.eot]
[bi-GramFinance/assets2/fonts/fa-solid-900d41d.eot]
[bi-GramFinance/assets2/fonts/fa-solid-900.woff2]
[bi-GramFinance/assets2/fonts/fa-solid-900.woff]
[bi-GramFinance/assets2/fonts/fa-solid-900.ttf]
[bi-GramFinance/assets2/fonts/fa-solid-900.svg]
[bi-GramFinance/assets2/css/owl.video.play.b4.delayed]
[bi-GramFinance/assets2/fonts/Ikon-Crypto9015.ttf]
[bi-GramFinance/assets2/fonts/Ikon-Crypto9015.woff]
[bi-GramFinance/assets2/fonts/Ikon-Crypto9015.svg]
[bi-GramFinance/assets2/fonts/themify.eot]
[bi-GramFinance/assets2/fonts/themifyd41d.eot]
[bi-GramFinance/assets2/fonts/themify.woff]
[bi-GramFinance/assets2/fonts/themify.ttf]
[bi-GramFinance/assets2/fonts/themifyd41d.svg]
[bi-GramFinance/assets2/css/fonts/flexslider-icon.eot]
[bi-GramFinance/assets2/css/fonts/flexslider-icond41d.eot]
[bi-GramFinance/assets2/css/fonts/flexslider-icon.woff]
[bi-GramFinance/assets2/css/fonts/flexslider-icon.ttf]
[bi-GramFinance/assets2/css/fonts/flexslider-icon.svg]
[bi-GramFinance/assets2/css/vendor.bundlef86e.css]
[bi-GramFinance/assets2/fonts/Roboto-Light.eot]
[bi-GramFinance/assets2/fonts/Roboto-Light.woff2]
[bi-GramFinance/assets2/fonts/Roboto-Lightd41d.eot]
[bi-GramFinance/assets2/fonts/Roboto-Light.woff]
[bi-GramFinance/assets2/fonts/Roboto-Regular.eot]
[bi-GramFinance/assets2/fonts/Roboto-Light.ttf]
[bi-GramFinance/assets2/fonts/Roboto-Regulard41d.eot]
[bi-GramFinance/assets2/fonts/Roboto-Regular.woff2]
[bi-GramFinance/assets2/fonts/Roboto-Regular.woff]
[bi-GramFinance/assets2/fonts/Roboto-Regular.ttf]
[bi-GramFinance/assets2/fonts/Roboto-Medium.eot]
[bi-GramFinance/assets2/fonts/Roboto-Mediumd41d.eot]
[bi-GramFinance/assets2/fonts/Roboto-Medium.woff2]
[bi-GramFinance/assets2/fonts/Roboto-Medium.woff]
[bi-GramFinance/assets2/fonts/Roboto-Medium.ttf]
[bi-GramFinance/assets2/fonts/Roboto-Bold.woff2]
[bi-GramFinance/assets2/fonts/Roboto-Bold.eot]
[bi-GramFinance/assets2/fonts/Roboto-Bold.woff]
[bi-GramFinance/assets2/fonts/Roboto-Bold.ttf]
[bi-GramFinance/assets2/fonts/Quicksand-Light.eot]
[bi-GramFinance/assets2/fonts/Quicksand-Lightd41d.eot]
[bi-GramFinance/assets2/fonts/Quicksand-Light.woff2]
[bi-GramFinance/assets2/fonts/Quicksand-Light.woff]
[bi-GramFinance/assets2/fonts/Quicksand-Light.ttf]
[bi-GramFinance/assets2/fonts/Quicksand-Medium.eot]
[bi-GramFinance/assets2/fonts/Quicksand-Mediumd41d.eot]
[bi-GramFinance/assets2/fonts/Quicksand-Medium.woff2]
[bi-GramFinance/assets2/fonts/Quicksand-Medium.woff]
[bi-GramFinance/assets2/fonts/Roboto-Boldd41d.eot]
[bi-GramFinance/assets2/fonts/Quicksand-Medium.ttf]
[bi-GramFinance/assets2/fonts/Quicksand-Bold.eot]
[bi-GramFinance/assets2/fonts/Quicksand-Boldd41d.eot]
[bi-GramFinance/assets2/fonts/Quicksand-Bold.woff2]
[bi-GramFinance/assets2/fonts/Quicksand-Bold.woff]
[bi-GramFinance/assets2/images/mask-a.svg]
[bi-GramFinance/assets2/fonts/Quicksand-Bold.ttf]
[bi-GramFinance/assets2/images/mask-a.png]
[bi-GramFinance/assets2/images/mask-a-md.svg]
[bi-GramFinance/assets2/images/mask-a-md.png]
[bi-GramFinance/assets2/images/mask-a-dark.svg]
[bi-GramFinance/assets2/images/mask-a-dark.png]
[bi-GramFinance/assets2/images/mask-line.svg]
[bi-GramFinance/assets2/images/mask-line.png]
[bi-GramFinance/assets2/images/mask-b.svg]
[bi-GramFinance/assets2/images/mask-b.png]
[bi-GramFinance/assets2/images/mask-c.svg]
[bi-GramFinance/assets2/images/mask-c.png]
[bi-GramFinance/assets2/images/mask-c-light.svg]
[bi-GramFinance/assets2/images/mask-c-light.png]
[bi-GramFinance/assets2/images/mask-c-dark.svg]
[bi-GramFinance/assets2/images/mask-c-dark.png]
[bi-GramFinance/assets2/images/mask-d.svg]
[bi-GramFinance/assets2/images/mask-d.png]
[bi-GramFinance/assets2/images/mask-d2.svg]
[bi-GramFinance/assets2/images/mask-d2.png]
[bi-GramFinance/assets2/images/mask-e.svg]
[bi-GramFinance/assets2/images/mask-e.png]
[bi-GramFinance/assets2/images/mask-f.svg]
[bi-GramFinance/assets2/images/mask-f.png]
[bi-GramFinance/assets2/images/mask-f-footer.svg]
[bi-GramFinance/assets2/images/mask-f-footer.png]
[bi-GramFinance/assets2/images/shape-a.png]
[bi-GramFinance/assets2/images/shape-a-sm.png]
[bi-GramFinance/assets2/images/shape-b.png]
[bi-GramFinance/assets2/images/shape-b-sm.png]
[bi-GramFinance/assets2/images/shape-c.png]
[bi-GramFinance/assets2/images/shape-c-sm.png]
[bi-GramFinance/assets2/images/shape-d.png]
[bi-GramFinance/assets2/images/shape-d-sm.png]
[bi-GramFinance/assets2/images/shape-e.png]
[bi-GramFinance/assets2/images/shape-e-sm.png]
[bi-GramFinance/assets2/images/shape-f.png]
[bi-GramFinance/assets2/images/shape-f-sm.png]
[bi-GramFinance/assets2/images/shape-g.png]
[bi-GramFinance/assets2/images/shape-g-sm.png]
[bi-GramFinance/assets2/images/shape-h.png]
[bi-GramFinance/assets2/images/shape-h-sm.png]
[bi-GramFinance/assets2/images/shape-i.png]
[bi-GramFinance/assets2/images/shape-i-sm.png]
[bi-GramFinance/assets2/images/shape-m.png]
[bi-GramFinance/assets2/images/shape-n.png]
[bi-GramFinance/assets2/images/shape-o.png]
[bi-GramFinance/assets2/images/shape-p.png]
[bi-GramFinance/assets2/images/shape-q.png]
[bi-GramFinance/assets2/images/shape-r.png]
[bi-GramFinance/assets2/images/shape-s.png]
[bi-GramFinance/assets2/images/shape-s-sm.png]
[bi-GramFinance/assets2/images/shape-t.png]
[bi-GramFinance/assets2/images/shape-u.png]
[bi-GramFinance/assets2/images/shape-v.png]
[bi-GramFinance/assets2/images/shape-w.png]
[bi-GramFinance/assets2/images/shape-x.png]
[bi-GramFinance/assets2/images/shape-x-2.png]
[bi-GramFinance/assets2/images/shape-x-3.png]
[bi-GramFinance/assets2/images/shape-y.png]
[bi-GramFinance/assets2/images/shape-z.png]
[bi-GramFinance/assets2/images/shape-z2.png]
[bi-GramFinance/assets2/images/shape-a2.png]
[bi-GramFinance/assets2/images/shape-z3.png]
[bi-GramFinance/assets2/images/shape-z4.png]
[bi-GramFinance/assets2/images/shape-z6.png]
[bi-GramFinance/assets2/images/shape-z6-sm.png]
[bi-GramFinance/assets2/images/shape-z7.png]
[bi-GramFinance/assets2/images/dot-a.png]
[bi-GramFinance/assets2/images/dot-b.png]
[bi-GramFinance/assets2/images/ui-shape-a.svg]
[bi-GramFinance/assets2/images/ui-shape-b.svg]
[bi-GramFinance/assets2/images/ui-shape-light-a.svg]
[bi-GramFinance/assets2/images/ui-shape-light-b.svg]
[bi-GramFinance/assets2/images/mask-line-a.png]
[bi-GramFinance/assets2/images/mask-line-b.png]
[bi-GramFinance/assets2/images/mask-line-c.png]
[bi-GramFinance/assets2/images/mask-line-d.png]
[bi-GramFinance/assets2/images/polygon-line-a.png]
[bi-GramFinance/assets2/images/polygon-line-b.png]
[bi-GramFinance/assets2/images/polygon-line-a-fill.png]
[bi-GramFinance/assets2/images/polygon-line-c.png]
[bi-GramFinance/assets2/images/polygon-fill.png]
[bi-GramFinance/assets2/images/dot-c.png]
[bi-GramFinance/assets2/images/light-ix.png]
[bi-GramFinance/images/icons/icon-bg-a.png]
[bi-GramFinance/images/icons/icon-bg-a2.png]
[bi-GramFinance/images/icons/icon-bg-a3.png]
[bi-GramFinance/assets2/images/line.png]
[bi-GramFinance/assets2/images/hexagon.png]
[bi-GramFinance/assets2/images/polygon-a-dark.png]
[bi-GramFinance/assets2/images/polygon-a-light.png]
[bi-GramFinance/assets2/css/stylef86e.css]
[bi-GramFinance/assets2/css/themef86e.css]
[bi-GramFinance/index-3.html]
[bi-GramFinance/Error pJS - No image.141.delayed]
[bi-GramFinance/assets2/js/jquery.bundlef86e.js]
[bi-GramFinance/assets2/js/scriptsf86e.js]
[bi-GramFinance/assets2/js/charts.js]
[bi-GramFinance/logo.png]
[bi-GramFinance/WhitePaper.pdf]
[bi-GramFinance/logo.svg]
[translate.google.com/translate_a/elementa0d8.js]
[bi-GramFinance/forgot-password.html]
[bi-GramFinance/user/login.html]
[bi-GramFinance/popper.html]
[bi-GramFinance/assets2/fonts/fa-brands-400.svg]
[bi-GramFinance/assets2/fonts/fa-regular-400.svg]
[bi-GramFinance/assets2/fonts/fa-solid-900.svg]
[bi-GramFinance/assets2/css/owl.video.play.html]
[bi-GramFinance/assets2/fonts/Ikon-Crypto9015.svg]
[bi-GramFinance/assets2/fonts/themifyd41d.svg]
[bi-GramFinance/assets2/css/fonts/flexslider-icon.html]
[bi-GramFinance/assets2/css/fonts/flexslider-icond41d.html]
[bi-GramFinance/assets2/css/fonts/flexslider-icon-2.html]
[bi-GramFinance/assets2/css/fonts/flexslider-icon-3.html]
[bi-GramFinance/assets2/css/fonts/flexslider-icon-4.html]
[bi-GramFinance/assets2/images/mask-a.html]
[bi-GramFinance/assets2/images/mask-a-2.html]
[bi-GramFinance/assets2/images/mask-a-md.html]
[bi-GramFinance/assets2/images/mask-a-md-2.html]
[bi-GramFinance/assets2/images/mask-a-dark.html]
[bi-GramFinance/assets2/images/mask-a-dark-2.html]
[bi-GramFinance/assets2/images/mask-line.html]
[bi-GramFinance/assets2/images/mask-line-2.html]
[bi-GramFinance/assets2/images/mask-b.html]
[bi-GramFinance/assets2/images/mask-b-2.html]
[bi-GramFinance/assets2/images/mask-c.html]
[bi-GramFinance/assets2/images/mask-c-2.html]
[bi-GramFinance/assets2/images/mask-c-light.html]
[bi-GramFinance/assets2/images/mask-c-light-2.html]
[bi-GramFinance/assets2/images/mask-c-dark.html]
[bi-GramFinance/assets2/images/mask-c-dark-2.html]
[bi-GramFinance/assets2/images/mask-d.html]
[bi-GramFinance/assets2/images/mask-d-2.html]
[bi-GramFinance/assets2/images/mask-d2.html]
[bi-GramFinance/assets2/images/mask-d2-2.html]
[bi-GramFinance/assets2/images/mask-e.html]
[bi-GramFinance/assets2/images/mask-e-2.html]
[bi-GramFinance/assets2/images/mask-f.html]
[bi-GramFinance/assets2/images/mask-f-2.html]
[bi-GramFinance/assets2/images/mask-f-footer.html]
[bi-GramFinance/assets2/images/mask-f-footer-2.html]
[bi-GramFinance/assets2/images/shape-a.html]
[bi-GramFinance/assets2/images/shape-a-sm.html]
[bi-GramFinance/assets2/images/shape-b.html]
[bi-GramFinance/assets2/images/shape-b-sm.html]
[bi-GramFinance/assets2/images/shape-c.html]
[bi-GramFinance/assets2/images/shape-c-sm.html]
[bi-GramFinance/assets2/images/shape-d.html]
[bi-GramFinance/assets2/images/shape-d-sm.html]
[bi-GramFinance/assets2/images/shape-e.html]
[bi-GramFinance/assets2/images/shape-e-sm.html]
[bi-GramFinance/assets2/images/shape-f.html]
[bi-GramFinance/assets2/images/shape-f-sm.html]
[bi-GramFinance/assets2/images/shape-g.html]
[bi-GramFinance/assets2/images/shape-g-sm.html]
[bi-GramFinance/assets2/images/shape-h.html]
[bi-GramFinance/assets2/images/shape-h-sm.html]
[bi-GramFinance/assets2/images/shape-i.html]
[bi-GramFinance/assets2/images/shape-i-sm.html]
[bi-GramFinance/assets2/images/shape-m.html]
[bi-GramFinance/assets2/images/shape-n.html]
[bi-GramFinance/assets2/images/shape-o.html]
[bi-GramFinance/assets2/images/shape-p.html]
[bi-GramFinance/assets2/images/shape-q.html]
[bi-GramFinance/assets2/images/shape-r.html]
[bi-GramFinance/assets2/images/shape-s.html]
[bi-GramFinance/assets2/images/shape-s-sm.html]
[bi-GramFinance/assets2/images/shape-t.html]
[bi-GramFinance/assets2/images/shape-u.html]
[bi-GramFinance/assets2/images/shape-v.html]
[bi-GramFinance/assets2/images/shape-w.html]
[bi-GramFinance/assets2/images/shape-x.html]
[bi-GramFinance/assets2/images/shape-x-2.html]
[bi-GramFinance/assets2/images/shape-x-3.html]
[bi-GramFinance/assets2/images/shape-y.html]
[bi-GramFinance/assets2/images/shape-z.html]
[bi-GramFinance/assets2/images/shape-z2.html]
[bi-GramFinance/assets2/images/shape-a2.html]
[bi-GramFinance/assets2/images/shape-z3.html]
[bi-GramFinance/assets2/images/shape-z4.html]
[bi-GramFinance/assets2/images/shape-z6.html]
[bi-GramFinance/assets2/images/shape-z6-sm.html]
[bi-GramFinance/assets2/images/shape-z7.html]
[bi-GramFinance/assets2/images/dot-a.html]
[bi-GramFinance/assets2/images/dot-b.html]
[bi-GramFinance/assets2/images/ui-shape-a.html]
[bi-GramFinance/assets2/images/ui-shape-b.html]
[bi-GramFinance/assets2/images/ui-shape-light-a.html]
[bi-GramFinance/assets2/images/ui-shape-light-b.html]
[bi-GramFinance/assets2/images/mask-line-a.html]
[bi-GramFinance/assets2/images/mask-line-b.html]
[bi-GramFinance/assets2/images/mask-line-c.html]
[bi-GramFinance/assets2/images/mask-line-d.html]
[bi-GramFinance/assets2/images/polygon-line-a.html]
[bi-GramFinance/assets2/images/polygon-line-b.html]
[bi-GramFinance/assets2/images/polygon-line-a-fill.html]
[bi-GramFinance/assets2/images/polygon-line-c.html]
[bi-GramFinance/assets2/images/polygon-fill.html]
[bi-GramFinance/assets2/images/dot-c.html]
[bi-GramFinance/assets2/images/light-ix.html]
[bi-GramFinance/images/icons/icon-bg-a.html]
[bi-GramFinance/images/icons/icon-bg-a2.html]
[bi-GramFinance/images/icons/icon-bg-a3.html]
[bi-GramFinance/assets2/images/line.html]
[bi-GramFinance/assets2/images/hexagon.html]
[bi-GramFinance/assets2/images/polygon-a-dark.html]
[bi-GramFinance/assets2/images/polygon-a-light.html]
[bi-GramFinance/Error pJS - No image.html]
[bi-GramFinance/logo.html]
[bi-GramFinance/WhitePaper.html]
[bi-GramFinance/logo-2.html]
